---
source: tests/test_serde.rs
expression: "&release(\"some-api@1.0alpha2\")"
---
{
  "package": "some-api",
  "version_raw": "1.0alpha2",
  "version_parsed": {
    "major": 1,
    "minor": 0,
    "patch": 0,
    "pre": "alpha2",
    "build_code": null,
    "components": 2
  },
  "build_hash": null,
  "description": "1.0-alpha2"
}
