---
source: tests/test_serde.rs
expression: "&release(\"some-api@1.2.3-test\")"

---
{
  "package": "some-api",
  "version_raw": "1.2.3-test",
  "version_parsed": {
    "major": 1,
    "minor": 2,
    "patch": 3,
    "revision": 0,
    "pre": "test",
    "build_code": null,
    "raw_short": "1.2.3-test",
    "components": 3,
    "raw_quad": [
      "1",
      "2",
      "3",
      null
    ]
  },
  "build_hash": null,
  "description": "1.2.3-test"
}
