---
source: tests/test_serde.rs
expression: "&release(\"some-api@2020.2-1.2.3\")"

---
{
  "package": "some-api",
  "version_raw": "2020.2-1.2.3",
  "version_parsed": {
    "major": 2020,
    "minor": 2,
    "patch": 0,
    "revision": 0,
    "pre": "1.2.3",
    "build_code": null,
    "components": 2,
    "raw_quad": [
      "2020",
      "2",
      null,
      null
    ]
  },
  "build_hash": null,
  "description": "2020.2-1.2.3"
}
